sunmao-regression-trace 1
plugin SunMao Gain
format VST3
seed 0x51504d414f534d31
sample_rate 4.80000000000000000e4
max_block 512
blocks 24
tolerance abs 9.99999999999999955e-7 rel 9.99999999999999955e-7
channels 2 2
automate 2 12 2646080969 8.79882812500000000e-1
automate 6 86 458499838 3.93554687500000000e-1
automate 8 31 1573592237 1.49414062500000000e-1
automate 9 38 1573592237 3.02734375000000000e-1
automate 10 260 2646080969 3.55468750000000000e-1
automate 11 28 1573592237 8.42773437500000000e-1
automate 13 318 1573592237 2.90039062500000000e-1
automate 16 207 1573592237 7.87109375000000000e-1
automate 17 171 458499838 1.17187500000000000e-1
automate 18 52 2646080969 1.01562500000000000e-1
automate 19 19 458499838 6.67968750000000000e-1
automate 23 0 2646080969 8.01757812500000000e-1
block 0 512 9.99964118003845215e-1 5.73857504926744144e-1 6.19772672653198242e-1 2.19442129135131836e-1 -1.39313101768493652e-1 2.82029271125793457e-1
block 1 297 9.98191714286804199e-1 5.74722689342223703e-1 9.96335148811340332e-1 4.67384338378906250e-1 -3.81786942481994629e-1 -3.24966907501220703e-2
block 2 303 9.98525619506835938e-1 5.89729197120539950e-1 -3.01836133003234863e-1 7.11187601089477539e-1 9.72127079963684082e-1 -9.56408619880676270e-1
block 3 258 9.98401284217834473e-1 5.85054748367206945e-1 -2.53631472587585449e-1 -8.48165273666381836e-1 -3.62614631652832031e-1 1.69677853584289551e-1
block 4 225 9.99976277351379395e-1 5.66654728676116770e-1 4.62481975555419922e-2 -5.04019737243652344e-1 1.83192491531372070e-1 1.31234169006347656e-1
block 5 244 9.98042345046997070e-1 5.67075164159219658e-1 6.91534399986267090e-1 -9.41525936126708984e-1 3.08159828186035156e-1 9.67266917228698730e-1
block 6 155 9.97379422187805176e-1 5.37864515129928833e-1 4.09454107284545898e-2 -1.95545077323913574e-1 -3.48346233367919922e-1 -3.29466044902801514e-1
block 7 436 7.86973416805267334e-1 4.42175242242739353e-1 7.17434585094451904e-2 -3.48463565111160278e-1 -6.97924673557281494e-1 9.49113070964813232e-2
block 8 36 7.68183827400207520e-1 4.13095832686169118e-1 -3.97642612457275391e-1 1.08631797134876251e-1 3.24747562408447266e-1 -4.93237555027008057e-1
block 9 276 7.86466717720031738e-1 4.61084709773882440e-1 3.36374312639236450e-1 -3.52959662675857544e-1 3.70546638965606689e-1 -7.61218070983886719e-1
block 10 421 7.83921658992767334e-1 4.59523441593694071e-1 -3.73327016830444336e-1 -2.95930355787277222e-1 -6.98820531368255615e-1 4.70681875944137573e-1
block 11 149 9.97486591339111328e-1 5.47650894986350667e-1 7.56782054901123047e-1 2.74021983146667480e-1 3.96673440933227539e-1 3.44915509223937988e-1
block 12 385 9.94835853576660156e-1 5.93894358406620859e-1 -7.76380300521850586e-1 -7.62633919715881348e-1 -4.48669910430908203e-1 -9.54274177551269531e-1
block 13 403 9.97431755065917969e-1 5.35404066103029153e-1 -2.33477115631103516e-1 8.85576725006103516e-1 7.52062559127807617e-1 -4.96464133262634277e-1
block 14 197 7.87026524543762207e-1 4.66245371889287552e-1 -7.17816472053527832e-1 -5.65932929515838623e-1 3.75194728374481201e-1 -4.39005166292190552e-1
block 15 95 7.76363015174865723e-1 4.38752833724421754e-1 5.28964161872863770e-1 -4.12755832076072693e-2 -3.96247446537017822e-1 -1.84441328048706055e-1
block 16 434 9.93905544281005859e-1 5.35013538719663728e-1 3.71848434209823608e-1 1.93566545844078064e-1 6.02312564849853516e-1 8.02368402481079102e-1
block 17 462 9.99193191528320312e-1 5.77002341355773996e-1 -9.41035270690917969e-1 -3.06725025177001953e-1 -6.91568851470947266e-2 -2.16030597686767578e-1
block 18 137 9.97381448745727539e-1 5.70162617613208078e-1 -1.73817396163940430e-1 5.98079204559326172e-1 -6.86766862869262695e-1 -3.68829607963562012e-1
block 19 67 9.76394534111022949e-1 5.77784254312093903e-1 8.72261643409729004e-1 6.11840367317199707e-1 2.58611202239990234e-1 7.80144929885864258e-1
block 20 154 9.99838829040527344e-1 5.67486388145028386e-1 -5.79715013504028320e-1 -5.16634106636047363e-1 6.74388885498046875e-1 9.83688116073608398e-1
block 21 259 9.99833583831787109e-1 5.90682309767120661e-1 -5.71963310241699219e-1 -2.37185835838317871e-1 8.99041652679443359e-1 3.33367586135864258e-2
block 22 237 9.99132394790649414e-1 5.90078140113641902e-1 4.75536823272705078e-1 6.37831926345825195e-1 8.74568223953247070e-1 -7.22164750099182129e-1
block 23 1 4.94494199752807617e-1 3.49662350233742036e-1 1.73342227935791016e-3 1.73342227935791016e-3 1.73342227935791016e-3 1.73342227935791016e-3
final 458499838 6.67968750000000000e-1
final 2646080969 1.00000000000000000e0
final 1573592237 1.00000000000000000e0
